fate.are
sanaria.are
immort.are
limbo.are
cache.are
fullcirc.are
sirius.are
tree.are
emerald.are
ofcol2.are
shire.are
air.are
haon.are
astral.are
chapel.are
daycare.are
draconia.are
drow.are
neocity.are
dwarven.are
eastern.are
gerighelm.are
grove.are
hitower.are
mirror.are
kintane.are
newthalos.are
ofcol.are
enfan.are
pyramid.are
ghenna.are
school.are
arkham.are
trollden.are
wyvern.are
dead.are
titvall.are
drakyri.are
findel.are
elvander.are
enchantm.are
houses.are
rive.are
druid.are
delusion.are
rivertwn.are
tarkt1.are
juakt1.are
tarkt2.are
juakt2.are
murkvil.are
murkeep2.are
mcdain2.are
alfrea.are
tikiarea.are
pixiefor.are
trins.are
trinsic2.are
trinsic3.are
sarlosg.are
maderia.are
stonforg.are
kazmir.are
forgfort.are
gravyard.are
grand.are
gondor2.are
skyrealm.are
skyrm2.are
raius.are
efextent.are
town2.are
castleb.are
town3.are
town4.are
town5.are
fishrine.are
nobiyuk1.are
qwahog.are
ragrat.are
orcami.are
alania.are
drathra.are
afterlif.are
wangchoo.are
andaria.are
aldon.are
xelania.are
slarkin.are
vaezeron.are
marlock.are
fleo.are
prog.are
$
