fate.are
test.are
sanaria.are
immort.are
limbo.are
world.are
cache.are
fullcirc.are
tree.are
emerald.are
ofcol2.are
shire.are
narssius.are
air.are
arachnos.are
haon.are
astral.are
chapel.are
daycare.are
draconia.are
drow.are
neocity.are
dwarven.are
eastern.are
gerighelm.are
grove.are
hitower.are
mirror.are
kintane.are
newthalos.are
ofcol.are
enfan.are
pyramid.are
ghenna.are
school.are
arkham.are
tarvalon.are
trollden.are
wyvern.are
dead.are
titvall.are
drakyri.are
findel.are
elvander.are
enchantm.are
grave.are
newbie.are
houses.are
rive.are
freeze.are
druid.are
delusion.are
casgrey.are
rivertwn.are
tarkt1.are
juakt1.are
tarkt2.are
juakt2.are
murkvil.are
murkeep2.are
mcdain2.are
alfrea.are
underwld.are
tikiarea.are
pixiefor.are
ftag.are
trins.are
trinsic2.are
trinsic3.are
sarlosg.are
stonforg.are
tbhhall.are
forgfort.are
gravyard.are
grand.are
efextent.are
castleb.are
fishrine.are
ragrat.are
alania.are
afterlif.are
forbfor.are
rombout.are
qualid.are
gontrald.are
aldtrgon.are
questimm.are
artic.are
kylau.are
pixiefii.are
korran.are
besmirch.are
kjell.are
nanquest.are
reahu.are
floating.are
pirates.are
helvok.are
reahu2.are
98.are
rahl1.are
empyrean.are
gaia.are
enoch.are
prog.are
$
